########## actnams ##########


The l Isa location
  
End The l.

The tim Isa actor
  At l Name tim
  Name tim allen
  Name time allen 'show'
  
  Verb hello
    Does
      "Tim says 'hello'."
  End Verb.
  
End The tim.

Syntax
  hello = hello (a)
    Where a Isa actor
      Else 
        "You can only say hello to people."
  


Start At l.
  "Try 'hello tim' and 'hello Tim Allen'."
  
