########## class_checks ##########
Options
  debug.
  


Add To Every actor
  Is
    aatr.
End Add To.

Add To Every object
  Is
    oatr.
End Add To.

Syntax
  sca = sca (p)
    Where p Isa **** container actor ****
      Else 
        "$1 isn't a container actor."
  

Verb sca
  Does
    If aatr Of p Then
      "sca ok on"
      Say p.
    Else 
      "sca not ok on"
      Say p.
    End If.
    Locate o In p.
End Verb.


The ca Isa actor
  At l 
  With Container
End The ca.

Syntax
  sco = sco (p)
    Where p Isa **** container object ****
      Else 
        "$1 isn't a container object."
  

Verb sco
  Does
    If oatr Of p Then
      "sco ok on"
      Say p.
    Else 
      "sco not ok on"
      Say p.
    End If.
    Locate o In p.
End Verb.


The co Isa object
  At l 
  With Container
End The co.
Syntax
  so = so (p)
    Where p Isa object
      Else 
        "$1 isn't an object."
  

Verb so
  Does
    If oatr Of p Then
      "so ok on"
      Say p.
    Else 
      "so not ok on"
      Say p.
    End If.
End Verb.


The o Isa object
  At l 
End The o.
Syntax
  sa = sa (p)
    Where p Isa actor
      Else 
        "$1 isn't an actor."
  

Verb sa
  Does
    If aatr Of p Then
      "sa ok on"
      Say p.
    Else 
      "sa not ok on"
      Say p.
    End If.
End Verb.


The a Isa actor
  At l 
End The a.

Syntax
  ss = ss (p)
    Where p Isa string
      Else 
        "$1 isn't a string."
  

Verb ss
  Does
    "ss ok on"
    Say p.
End Verb.

Syntax
  sn = sn (p)
    Where p Isa integer
      Else 
        "$1 isn't an integer."
  

Verb sn
  Does
    "sn ok on"
    Say p.
End Verb.


The l Isa location
  
End The l.

Start At l.
  "$isca - container actor$iss - string$isa - actor$isn - number$iso -
   object"
  
