########## give_floyd ##########

Add To Every object
  Is
    weight  5.
End Add To.

Syntax
  take = take (o)*.

Verb take
  Does
    Locate object In inventory.
End Verb.

Syntax
  give = 'give' (obj) 'to' (recip).

Verb give
  Check obj In inventory
    Else 
      "You don't have it!"
End Verb.

The inventory
  Container
    Limits
      weight  20
        Else
          "You're carrying too much. It slips from your hands."
End The inventory.


The light_widget Isa object
  Name light widget
  At l 
  Has 
    weight  5.
End The light_widget.

The heavy_widget Isa object
  Name heavy widget
  At l 
  Has 
    weight  20.
End The heavy_widget.

The floyd Isa object
  At l 
  With Container
  Verb give
    Does
      "'Neat!' Floyd accepts the $o and thanks you profusely."
      Locate obj In floyd.
  End Verb.
  
End The floyd.

The l Isa location
  
End The l.

Start At l.
  "Take all, then give floyd a widget."
  
