########## mulexits ##########
Options
  debug.
  



The l1 Isa location
  
  Exit s, n To l2
    Check hero Here
      Else 
        "You are not even here..."
    Does
      "You are travelling..."
  End Exit.
  
End The l1.

The l2 Isa location
  
End The l2.

Start At l1.
  "Try 's' or 'n'."
  
