########## access_attribute_of_unknown_reference_attribute ##########


access_attribute_of_unknown_reference_attribute.alan

    2.    Has other_side null_door.
=====>                   1

  *1*   310 E : Identifier 'null_door' not defined.

   12.        SET matching_key OF east_door TO matching_key of other_side Of ea
        st_door.
=====>            1

  *1*   315 E : Attribute not defined for 'east_door'.


        2 error(s).
        No detected warnings.
        1 informational message(s).

