########## containerLocation ##########


containerLocation.alan

    1.  The cl Isa location
=====>      1

  *1*   354 E : Instance 'cl' inherits from 'location', but has Container
                properties, which is dubious in use.


        1 error(s).
        No detected warnings.
        1 informational message(s).

