########## descriptionQual ##########


descriptionQual.alan

    3.      Does After Say y.
=====>      1              2

  *1*   210 E : Action qualification not allowed here.
  *2*   310 E : Identifier 'y' not defined.


        2 error(s).
        No detected warnings.
        1 informational message(s).

