########## directlyInSet ##########


directlyInSet.alan

    6.    If l Directly In l Of l Then "" End If. -- Can't use DIRECTLY with IN
        SET
=====>                  1

  *1*   325 E : Cannot use explicit transitivity ('Directly') with IN operating
                on a SET.


        1 error(s).
        No detected warnings.
        1 informational message(s).

