########## eachWithIdentifierAttribute ##########


eachWithIdentifierAttribute.alan

   22.      Say a. "has a ="
=====>          1

  *1*   310 E : Identifier 'a' not defined.

   23.      Say a Of l.
=====>          1

  *1*   316 E : Attribute 'a' is not defined for variable 'l' since the class
                it is guaranteed to be in this context ('location') does not
                have it.


        2 error(s).
        No detected warnings.
        1 informational message(s).

