########## exact ##########


exact.alan

    5.    If "a" == 1 Then -- Error!
=====>              1

  *1*   330 E : Wrong type of expression in context of '=='. Must be of string
                type.

    8.    If l == "1" Then -- Error!
=====>       1

  *1*   330 E : Wrong type of expression in context of '=='. Must be of string
                type.


        2 error(s).
        No detected warnings.
        1 informational message(s).

