########## integerIsa ##########


integerIsa.alan

    6.    Set i of l To 12 Isa location.
=====>    1                2

  *1*   331 E : Incompatible types in target and expression in SET statement.
  *2*   434 E : 'ISA' can only be applied to instance valued expressions.
  *2*   419 E : Expression in SET statement cannot be of boolean type.


        3 error(s).
        No detected warnings.
        1 informational message(s).

