########## isaObjectInVerbWithDefaultParameter ##########


isaObjectInVerbWithDefaultParameter.alan

   10.  	    if obj isa object then
=====>  	       1

  *1*   310 E : Identifier 'obj' not defined. The verb 'read' has the parameter
                'object'.

   11.  	      if alph of obj = 2 then
=====>  	                 1

  *1*   310 E : Identifier 'obj' not defined. The verb 'read' has the parameter
                'object'.

   17.  	      if alph of obj = 2 then
=====>  	         1

  *1*   316 E : Attribute 'alph' is not defined for variable 'obj' since the
                class it is guaranteed to be in this context ('object') does
                not have it.


        3 error(s).
        No detected warnings.
        2 informational message(s).

