########## locateIn ##########


locateIn.alan

    6.      Taking location.
=====>             1

  *1*   402 E : A Location cannot be inside a Container.

   13.    Locate l In l.
=====>           1    2

  *1*   402 E : A Location cannot be inside a Container.
  *2*   318 E : The 'l' does not have the container property, which is required
                in Expression after IN.

   14.    Locate l In c.
=====>           1

  *1*   402 E : A Location cannot be inside a Container.

   15.    Locate c In c.
=====>             1

  *1*   404 E : Container is restricted to only contain instances of 'location'
                and its subclasses.

   16.    Locate c In l.
=====>                1

  *1*   318 E : The 'l' does not have the container property, which is required
                in Expression after IN.

   17.    Locate o In c.
=====>             1

  *1*   404 E : Container is restricted to only contain instances of 'location'
                and its subclasses.

   18.    Locate o In l.
=====>                1

  *1*   318 E : The 'l' does not have the container property, which is required
                in Expression after IN.


        8 error(s).
        No detected warnings.
        1 informational message(s).

