########## setInstanceAttribute ##########


setInstanceAttribute.alan

   11.      Set i Of l to l. -- Wrong type
=====>      1

  *1*   331 E : Incompatible types in target and expression in SET statement.

   12.      Set l Of l to a. -- Not a subclass
=====>                    1

  *1*   430 E : Incompatible assignment. You can only assign instances of class
                'location' and its subclasses.

   13.      Set a Of l to l. -- Not a subclass
=====>                    1

  *1*   430 E : Incompatible assignment. You can only assign instances of class
                'actor' and its subclasses.

   14.      Set l Of l to 4. -- Wrong type
=====>      1

  *1*   331 E : Incompatible types in target and expression in SET statement.


        4 error(s).
        No detected warnings.
        1 informational message(s).

