########## here ##########

        No warnings or errors detected.
        1 informational message(s).


V a (should be OK)
v x (should be OK)
v y (should not be OK)
v z (should be OK)


L1
There is a x and a cont here. The cont contains a a.

> v a
You v the a.

> v x
You v the x.

> v y
I can't see any y here.

> v z
You v the z.

> 

Do you want to UNDO, RESTART, RESTORE or QUIT ? 
