########## inheritArticle ##########

        No warnings or errors detected.



L1
There is an unknown object, something, a thing and an unmentionable object 
here.

> drop unknown object
You don't have the inherited definite unknown object.

> drop something
You don't have the something.

> 

Do you want to UNDO, RESTART, RESTORE or QUIT ? 
