########## referenceAttribute ##########

        No warnings or errors detected.
        6 informational message(s).


There is a o here.


L
There is a o and a c here. There is a here.

> r
Script s.

> x
The c contains a o. Script s.

> y
O In c

> z
The c is empty. The c contains a o.

L
There is a o and a c here. There is a here.

> p
O is something 42 i Of o 43

> 

Do you want to UNDO, RESTART, RESTORE or QUIT ? 
