########## useReferenceAttribute ##########

        No warnings or errors detected.
        1 informational message(s).



School
The janitor is working. There is a teacher here.

> l
School
The janitor is working. There is a teacher here. Janitor Work.

> l
School
The janitor is working. There is a teacher here. Janitor Work. Teacher 
Work.

> l
School
There is a janitor here. The teacher is working. Teacher Work.

> 

Do you want to UNDO, RESTART, RESTORE or QUIT ? 
