########## whichone ##########

        No warnings or errors detected.
        1 informational message(s).



L
There is a big stone, a medium stone and a small stone here.

> x the stone
I don't know if you mean the big stone, the medium stone or the small
stone.

> 

Do you want to UNDO, RESTART, RESTORE or QUIT ? 
