########## altCheckWarning ##########


altCheckWarning.alan

   17.      Does "does"
=====>      1

  *1*   223 W : This Verb body might be executed for every matching parameter
                in the syntax for 'v2', depending on the parameter
                restrictions. You might want to use a WHEN clause to specify
                for which parameter this alternative is to be run.


        No detected errors.
        1 warning(s).

