########## containerRestriction0 ##########


containerRestriction0.alan

   13.      Does
=====>      1

  *1*   223 W : This Verb body might be executed for every matching parameter
                in the syntax for 'put_in0', depending on the parameter
                restrictions. You might want to use a WHEN clause to specify
                for which parameter this alternative is to be run.

   14.  	Locate o In c.	
=====>  	            1

  *1*   312 E : Parameter 'c' is not guaranteed to be a Container, because it
                is not restricted to Container, or to a class which has the
                Container property in the Syntax or using surrounding If
                statements.

   18.      Does
=====>      1

  *1*   223 W : This Verb body might be executed for every matching parameter
                in the syntax for 'put_in1', depending on the parameter
                restrictions. You might want to use a WHEN clause to specify
                for which parameter this alternative is to be run.


        1 error(s).
        2 warning(s).
        1 informational message(s).

