########## descriptionCheck ##########


descriptionCheck.alan

    3.      Check a is b else Say x.
=====>            1               2

  *1*   310 E : Identifier 'a' not defined.
  *2*   310 E : Identifier 'x' not defined.

    4.      Does Say y.
=====>               1

  *1*   310 E : Identifier 'y' not defined.

    9.      Say x.
=====>          1

  *1*   310 E : Identifier 'x' not defined.


        4 error(s).
        No detected warnings.
        1 informational message(s).

