########## directlyStm ##########


directlyStm.alan

    4.  The c Isa object Directly At l.
=====>                            1

  *1*   422 W : Explicit transitivity 'Directly' ignored for Initial location.

    9.    Locate c Directly At l.
=====>                      1

  *1*   422 W : Explicit transitivity 'Directly' ignored in LOCATE statement.

   10.    Empty c Directly At l.
=====>                     1

  *1*   422 W : Explicit transitivity 'Directly' ignored in EMPTY statement.


        No detected errors.
        3 warning(s).

