########## makeSemantics ##########


makeSemantics.alan

    5.      Make Current Actor a.
=====>                         1

  *1*   314 E : Attribute 'a' is not defined for the Current Actor since the
                class 'actor' does not have it.

    6.      Make Current Location a.
=====>                            1

  *1*   314 E : Attribute 'a' is not defined for the Current Location since the
                class 'location' does not have it.

    8.      Make c c.
=====>           1

  *1*   310 E : Identifier 'c' not defined.

   12.      Make This a.
=====>           1

  *1*   421 E : THIS instance is not defined in this context.

   13.      Make Current Actor a.
=====>                         1

  *1*   314 E : Attribute 'a' is not defined for the Current Actor since the
                class 'actor' does not have it.

   14.      Make Current Location a.
=====>                            1

  *1*   314 E : Attribute 'a' is not defined for the Current Location since the
                class 'location' does not have it.

   16.      Make c c.
=====>           1

  *1*   310 E : Identifier 'c' not defined.


        7 error(s).
        No detected warnings.
        1 informational message(s).

