########## start1 ##########


start1.alan

    1.  The l
=====>      1

  *1*   429 E : No inheritance defined, everything must inherit from some
                class.

    4.  Start At l.
=====>           1

  *1*   351 E : START statement must refer to an instance inheriting from
                'location'.


        2 error(s).
        No detected warnings.
        1 informational message(s).

