########## thisAttributes ##########


thisAttributes.alan

    4.      Else Say x Of This.
=====>                    1

  *1*   421 E : THIS instance is not defined in this context.

    8.      Say x Of This.
=====>               1

  *1*   421 E : THIS instance is not defined in this context.

   22.    Say x Of This.
=====>             1

  *1*   421 E : THIS instance is not defined in this context.

   26.    Say x Of This.
=====>             1

  *1*   421 E : THIS instance is not defined in this context.


        4 error(s).
        No detected warnings.
        2 informational message(s).

