########## aggregate ##########
Options
  debug.
  


Add To Every object
  Is
    size  3.
End Add To.


The o1 Isa object
  At l 
End The o1.

The o2 Isa object
  At l 
End The o2.

The o3 Isa object
  In inventory 
  Has 
    size  5.
End The o3.
Syntax
  'max' = 'max'.

Verb 'max'
  Does
    "Max here ="
    Say  (Max Of sizeIsa object, Here.
End Verb.

Syntax
  'sum' = 'sum'.

Verb 'sum'
  Does
    "Sum At l ="
    Say  (Sum Of sizeIsa object, At l.
End Verb.

Syntax
  'count' = 'count'.

Verb 'count'
  Does
    "Count At hero ="
    Say  Count Isa object, At hero.
    "Count in inventory ="
    Say  Count Isa object, In inventory.
End Verb.


The l Isa location
  
End The l.

Start At l.
  "$pTry 'count', 'sum' and 'max'."
  List inventory.
  "Size of o1 = "
  Say size Of o1.
  "$$, size of o2 = "
  Say size Of o2.
  "$$, size of o3 = "
  Say size Of o3.
  "$$."
  
