########## clean_with ##########

Syntax
  clean_with = 'clean' (obj1) 'with' (obj2).


The l Isa location
  
End The l.
Verb clean_with
  Does
    "Cleaning"
    Say obj1.
    "with"
    Say obj2.
End Verb.

Verb clean
  Does
    "Cleaning"
    Say object.
End Verb.


The o1 Isa object
  At l 
End The o1.

The o2 Isa object
  At l 
End The o2.

Start At l.
  "Testing syntax for 'clean with' and default for 'clean'."
  
