########## default_strings ##########
Options
  debug.
  


Add To Every location
  Is
    lstr 
    "lstr".
End Add To.

Add To Every object
  Is
    ostr 
    "ostr".
End Add To.


The l3 Isa location
  
  Has 
    lstr 
    "Hej hopp i lingonskogen.".
End The l3.

The l1 Isa location
  
End The l1.

The l2 Isa location
  
End The l2.

Start At l3.
  Say lstr Of l1.
  Say lstr Of l2.
  Say lstr Of l3.
  
