########## locparts ##########


The free_order Isa location
  
  Description
    "First description."
  
  Verb x
  End Verb.
  
  Exit v To free_order.
  
  Is 
    large.
  Entered Only
    "Nothing."
  Description
    "Second description."
  
  Has 
    light.
  Entered Before
    "Nothing."
  Exit v To free_order.
  
End The free_order.

Start At free_order.
  
