########## schedule_in ##########


The cont Isa object
  At loc 
  With Container
End The cont.

The obj Isa object
  In cont 
End The obj.

The obj2 Isa object
  
End The obj2.
Event ev
  "This is EV."
End Event ev.


The loc Isa location
  
End The loc.

Start At loc.
  "Scheduling EV at OBJ which is inside CONT."
  Schedule ev At obj After 0.
  "Locating OBJ2 at OBJ which is inside CONT."
  Locate obj2 At obj.
  List cont.
  "Locating HERO at OBJ which is inside CONT."
  Locate hero At obj.
  
