########## adjectiveAsNoun ##########

        No warnings or errors detected.
        1 informational message(s).



L
There is a adjAndNoun adjAndNoun here.

> v adjAndNoun adjAndNoun and v the adjAndNoun
You v the adjAndNoun adjAndNoun.

You v the adjAndNoun adjAndNoun.

> 

Do you want to UNDO, RESTART, RESTORE or QUIT ? 
