########## all ##########

        No warnings or errors detected.



L
There is a small o, a medium o and a large o here.

> x all
(small o) You x the small o...

(medium o) You x the medium o...

(large o) You x the large o...

> w
L2

> x all
I don't know what you mean by 'all'.

> x everything
I don't know what you mean by 'everything'.

> 

Do you want to UNDO, RESTART, RESTORE or QUIT ? 
