########## defaultDescriptionOfContainers ##########

        No warnings or errors detected.



L
There is a o1 and a c1 here. The c1 contains a i5, a i3 and a i1. There is 
a o2 here. There is a a1 here. There is a a2 here. The a2 carries a i6, a 
i4 and a i2.

> 

Do you want to UNDO, RESTART, RESTORE or QUIT ? 
