########## doorExample ##########

        No warnings or errors detected.
        1 informational message(s).



Hallway
There is a treasury door here.

> east
The door to the treasury is closed.

> open door

> east
Treasury
There is a hallway door here.

> west
Hallway
There is a treasury door here.

> 

Do you want to UNDO, RESTART, RESTORE or QUIT ? 
