########## it ##########

        No warnings or errors detected.
        2 informational message(s).



L1
There is a o here.

> x o
You x the o.

> x it
You x the o.

> x them
I don't know what you mean by 'them'.

> x it
You x the o.

> i
I

> x it
I don't know what you mean by 'it'.

> x o
You x the o.

> x it
You x the o.

> 

Do you want to UNDO, RESTART, RESTORE or QUIT ? 
