########## limits ##########

        No warnings or errors detected.



L
There is a cont, a size4, a size3, a size2, a size1 and a size0 here.

> put size4 in cont
It is too big.

> put size3 in cont

> put size2 in cont
It is too big.

> put size1 in cont
It is too big.

> put size0 in cont

> 

Do you want to UNDO, RESTART, RESTORE or QUIT ? 
