########## negativeArticle ##########

        No warnings or errors detected.
        1 informational message(s).


Inherited negative n 
direct negative n2 
added negative hero


L
There is a n and a n2 here.

> x n
Inherited negative n


> x n2
Direct negative n2


> x hero
Added negative hero


> 

Do you want to UNDO, RESTART, RESTORE or QUIT ? 
