########## recursiveLook ##########

        No warnings or errors detected.


A Little Test
Try taking the apple and then doing a 'look' to see if anything's changed
(snigger.)


Testroom
Lucky for you, you're alright, Jack. To the west you can follow the
setting sun There is a apple here.

> 

Do you want to UNDO, RESTART, RESTORE or QUIT ? 
