########## restartScores ##########

        No warnings or errors detected.
        1 informational message(s).



L
You have scored 5 points out of 5 in 0 moves. You have 5 points.

> restart

Are you sure (RETURN confirms) ? 



L
You have scored 5 points out of 5 in 0 moves. You have 5 points.

> restart

Are you sure (RETURN confirms) ? 



L
You have scored 5 points out of 5 in 0 moves. You have 5 points.

> 

Do you want to UNDO, RESTART, RESTORE or QUIT ? 
