########## sayParameter2 ##########

        No warnings or errors detected.



L

> x the thing
I can't see any thing here.

> x the shiny thing, w
I can't see any shiny thing here.

> w
L

> x the shiny long sharp thing, e
I can't see any shiny long sharp thing here.

> 

Do you want to UNDO, RESTART, RESTORE or QUIT ? 
