########## stringExtract ##########

        No warnings or errors detected.


Is a string that contains enough characters to test with 
this 
string that contains enough characters to test with 
is a 
tring that contains enough characters to test with 
s 
 contains enough characters to test with 
s 
 contains enough characters to test w 
ith 

ith 


L

> 

> 

Do you want to UNDO, RESTART, RESTORE or QUIT ? 
