########## debug ##########

        No warnings or errors detected.


adbg> i
Instances: 
      1: #nowhere 
      2: l 
      3: t, at #nowhere [1] 
      4: hero, at l [2]
adbg> i 1
The #nowhere [1] Isa location[2] 
    Attributes:
adbg> i 2
The l [2] Isa location[2] 
    Attributes: 
        x[2] = 1
adbg> i 3
The t [3] Isa object[4] 
    Location:  at #nowhere [1] 
    Attributes: 
        y[3] = 1
adbg> q

