########## 407 ##########


407.alan

   17.              weight 4 THEN
=====>              1

  *1*   407 E : Attribute in Limits must be an attribute for every instance of
                the class the container accepts, in this case 'object'.


        1 error(s).
        No detected warnings.
        1 informational message(s).

