########## attributeOfAttribute ##########


attributeOfAttribute.alan

   13.    Say unknown Of sister Of brother.
=====>        1

  *1*   317 E : Attribute 'unknown' is not defined for the expression since the
                class it is guaranteed to be in this context ('actor') does not
                have it.

   14.    Say unknown Of size Of brother.
=====>                        1

  *1*   428 E : Expression must refer to an instance.

   15.    Say unknown Of unknown Of brother.
=====>                   1

  *1*   315 E : Attribute not defined for 'brother'.

   16.    Say unknown Of sister Of unknown.
=====>                             1

  *1*   310 E : Identifier 'unknown' not defined.


        4 error(s).
        No detected warnings.
        1 informational message(s).

