########## currentActorNotContainer ##########


currentActorNotContainer.alan

    5.    Locate l In Current Actor.
=====>           1    2

  *1*   402 E : A Location cannot be inside a Container.
  *2*   428 E : Expression after IN must refer to a Container, which the
                Current Actor is not since the class 'actor' does not have the
                Container property.


        2 error(s).
        No detected warnings.
        1 informational message(s).

