########## eventAttribute ##########


eventAttribute.alan

    3.    Has l location.
=====>          1

  *1*   428 E : Attribute value in reference attribute declaration must refer
                to an instance or event.

   11.    Set e Of l To l.
=====>    1

  *1*   331 E : Incompatible types in target and expression in SET statement.

   12.    Set e Of l To 12.
=====>    1

  *1*   331 E : Incompatible types in target and expression in SET statement.

   14.    Say e Of l.
=====>    1

  *1*   337 E : You cannot Say values of Event type.


        4 error(s).
        No detected warnings.
        1 informational message(s).

