########## every4 ##########


every4.alan

    1.  Every y
=====>        1

  *1*   429 E : No inheritance defined, everything must inherit from some
                class.

    7.  Start At l.
=====>           1

  *1*   310 E : Identifier 'l' not defined.


        2 error(s).
        No detected warnings.
        1 informational message(s).

