########## includeDeprecated ##########


includeDeprecated.alan

    1.  $include 'abcd'.
=====>  1        2

  *1*   154 E : $INCLUDE directive is deprecated. Use 'import' statement
                instead.
  *2*   199 F : Adventure source file (abcd) not found.

    4.    $include 'options'.
=====>    1        2

  *1*   154 E : $INCLUDE directive is deprecated. Use 'import' statement
                instead.
  *2*   199 F : Adventure source file (options) not found.

    9.    $include 'body'.
=====>    1        2

  *1*   154 E : $INCLUDE directive is deprecated. Use 'import' statement
                instead.
  *2*   199 F : Adventure source file (body) not found.


        6 error(s).
        No detected warnings.
        1 informational message(s).

