########## inheritedScript ##########


inheritedScript.alan

    8.      Step "First step." If this Has v Then Say non_defined. End If.
=====>                                                1

  *1*   310 E : Identifier 'non_defined' not defined.

   23.    Use Script p For a.
=====>               1

  *1*   400 E : Script 'p' not defined for actor 'a'.

   24.    Use Script s For b.
=====>               1

  *1*   400 E : Script 's' not defined for actor 'b'.

   25.    Use Script p For b.
=====>               1

  *1*   400 E : Script 'p' not defined for actor 'b'.


        4 error(s).
        No detected warnings.
        1 informational message(s).

