########## initialLocationInCurrentLocation ##########


initialLocationInCurrentLocation.alan

    1.  The o Isa object In Current Location
=====>                      1

  *1*   412 E : Current Location is not defined in declarations.


        1 error(s).
        No detected warnings.
        1 informational message(s).

