########## localVariableAsDir ##########


localVariableAsDir.alan

    7.      Say a Of e.
=====>          1

  *1*   316 E : Attribute 'a' is not defined for variable 'e' since the class
                it is guaranteed to be in this context ('object') does not have
                it.


        1 error(s).
        No detected warnings.
        1 informational message(s).

