########## nonexistingEmbeddedParameter ##########


nonexistingEmbeddedParameter.alan

    2.    Verb v
=====>         1

  *1*   232 W : Default syntax for this verb restricted the parameter to class
                'location', which is probably not what you wanted. Suggest you
                add an explicit syntax instead.

    5.        "parameter $2" -- ERROR
=====>        1

  *1*   551 E : String contains reference to a parameter that does not exist in
                this context.

    6.        "parameter $!2" -- ERROR
=====>        1

  *1*   551 E : String contains reference to a parameter that does not exist in
                this context.

   11.    "This is a reference to an non-existing parameter $1"
=====>    1

  *1*   551 E : String contains reference to a parameter that does not exist in
                this context.

   12.    "This is a reference to an non-existing parameter $+1"
=====>    1

  *1*   551 E : String contains reference to a parameter that does not exist in
                this context.

   13.    "This is a reference to an non-existing parameter $01"
=====>    1

  *1*   551 E : String contains reference to a parameter that does not exist in
                this context.

   14.    "This is a reference to an non-existing parameter $-1"
=====>    1

  *1*   551 E : String contains reference to a parameter that does not exist in
                this context.

   15.    "This is a reference to an non-existing parameter $!1"
=====>    1

  *1*   551 E : String contains reference to a parameter that does not exist in
                this context.


        7 error(s).
        1 warning(s).
        2 informational message(s).

