########## resources ##########


resources.alan

    5.    Show 'a.pic'.
=====>         1

  *1*   801 W : Resource type not recognized. File name extension must indicate
                resource type.
  *1*   153 E : Resource file missing.

    6.    Play 'a.jpg'.
=====>         1

  *1*   153 E : Resource file missing.


        2 error(s).
        1 warning(s).
        1 informational message(s).

