########## sayTypes ##########


sayTypes.alan

    6.    Say l Isa location.
=====>    1

  *1*   337 E : You cannot Say values of Boolean type.

    9.    Say b Of l.
=====>    1

  *1*   337 E : You cannot Say values of Boolean type.


        2 error(s).
        No detected warnings.
        1 informational message(s).

