########## setAggregateToBool ##########


setAggregateToBool.alan

    6.    Set x Of l To Sum of x At l.
=====>    1     2              3

  *1*   331 E : Incompatible types in target and expression in SET statement.
  *2*   419 E : Target for SET statement cannot be of boolean type.
  *3*   316 E : Attribute 'x' is not defined for instances aggregated over
                using 'SUM' since the class it is guaranteed to be in this
                context ('entity') does not have it.


        3 error(s).
        No detected warnings.
        1 informational message(s).

