########## stringMembersNotAllowed ##########


stringMembersNotAllowed.alan

    2.    Has s {"hej", "hello"}.
=====>           1      2

  *1*   410 E : Incompatible types in Set literal expression. A Set can only
                contain integers or instance references.
  *2*   410 E : Incompatible types in Set literal expression. A Set can only
                contain integers or instance references.


        2 error(s).
        No detected warnings.
        1 informational message(s).

