########## warnForInContainerInLoop ##########


warnForInContainerInLoop.alan

   18.      Say attr Of i. -- i Is defined on objects, but a transitive IN will
         find thing:s inside cont2
=====>          1

  *1*   316 E : Attribute 'attr' is not defined for variable 'i' since the
                class it is guaranteed to be in this context ('thing') does not
                have it.


        1 error(s).
        No detected warnings.
        1 informational message(s).

