########## whereExpression1 ##########


whereExpression1.alan

   15.    If Current Actor In Current Actor Then "l in l" End If.
=====>                        1

  *1*   428 E : Expression after IN must refer to a Container, which the
                Current Actor is not since the class 'actor' does not have the
                Container property.


        1 error(s).
        No detected warnings.
        1 informational message(s).

