########## verbose ##########

	Parsing
	Analyzing
	Syntax definitions
	Verbs
	Classes
	Instances
	Events
	Rules
	Synonyms
	Message
	Generating
	Dictionary
	SyntaxTable
	Parameter Mapping
	Verbs
	Classes
	Instances
	Containers
	Scripts
	Events
	Rules
	Messages
	Character Encoding

        No warnings or errors detected.

