########## actparts ##########


The free_order Isa actor
  
  Description
    "First description."
  
  Verb x
  End Verb.
  
  With Container
  Is 
    large.
  With Container
  Description
    "Second description."
  
  Has 
    light.
  Script first_script.
    Step
      "Step one."
  Script second_script.
    Step
      "Step one."
End The free_order.


The nowhere Isa location
  
End The nowhere.

Start At nowhere.
  
