########## article ##########

Syntax
  take = 'take' (o)*.

Verb take
  Does
    Locate o In inventory.
    "Taken."
End Verb.

Syntax
  drop = 'drop' (o)*.

Verb drop
  Check object In inventory
    Else 
      "You don't have the $o."
  Does
    Locate object Here.
End Verb.

Syntax
  l = 'l'.

Verb l
  Does
    Look.
End Verb.

Syntax
  i = 'i'.

Verb i
  Does
    List inventory.
End Verb.

Syntax
  q = 'q'.

Verb q
  Does
    Quit.
End Verb.


The ano Isa object
  Name unknown 'object'
  At l1 
  Article
    "an"
  
End The ano.

The o Isa object
  Name something
  At l1 
  Article
    ""
  
End The o.

The t Isa object
  Name thing
  At l1 
End The t.

The d Isa object
  Name described thing
  At l1 
  Description
    "This is the description of a described object."
  
End The d.

The m Isa object
  Name 'mentioned' thing
  At l1 
  Mentioned
    "mentioned object"
  
End The m.

The u Isa object
  Name 'unmentionable' thing
  At l1 
  Article
    "an"
  
  Mentioned
    "unmentionable object"
  
End The u.

The adm Isa object
  
  Article
    "a"
  
  Description
    "d"
  
  Mentioned
    "m"
  
End The adm.

The amd Isa object
  
  Article
    "a"
  
  Mentioned
    "m"
  
  Description
    "d"
  
End The amd.

The dma Isa object
  
  Description
    "d"
  
  Mentioned
    "m"
  
  Article
    "a"
  
End The dma.

The l1 Isa location
  
End The l1.

Start At l1.
  
