########## contar ##########

Add To Every object
  Is
    weight  2.
    size  2.
End Add To.

The inventory
  Container
    Limits
      Count 2
        Else
          "Your hands are full."
      weight  5
        Else
          "It is much to heavy."
    Header
      "You are carrying"
    Else
      "You are empty-handed."
End The inventory.


The box Isa object
  At somewhere 
  With Container
    Limits
      Count 1
        Else
          "There is not room for any more in the box."
      size  7
        Else
          "It is much to heavy to put in the box."
  Has 
    weight  10.
End The box.

The ball Isa object
  At somewhere 
End The ball.

The paper Isa object
  At somewhere 
  Has 
    weight  1.
End The paper.

The somewhere Isa location
  
End The somewhere.
Syntax
  put_in = 'put' (o)* 'in' (c)
    Where c Isa container
      Else 
        "The $2 is not a container."
  

Verb put_in
  Check o <>c
    Else 
      "It would be a good trick to put the $1 inside the $2, if you could
       do it!!"
  Does
    Locate object In box.
    "Ok!"
    List box.
End Verb.

Syntax
  take = 'take' (o)*.

Verb take
  Does
    Locate o In inventory.
    "Taken."
End Verb.

Syntax
  drop = 'drop' (o)*.

Verb drop
  Check object In inventory
    Else 
      "You don't have the $o."
  Does
    Locate object Here.
End Verb.

Syntax
  l = 'l'.

Verb l
  Does
    Look.
    List inventory.
End Verb.

Syntax
  'list' = 'list' (o)*
    Where o Isa container
      Else 
        "The $1 is not a container."
  

Verb 'list'
  Does
    List o.
End Verb.


Start At somewhere.
  "$pTry: $i'take (o)*'$i'drop (o)*'$i'list (o)*'$i'put (o)* in
   (c)'$nand$i'l'"
  
