########## dwarf ##########
Options
  debug.
  


Syntax
  kill = 'kill' (a)
    Where a Isa actor
      Else 
        "It is already dead."
  


The dwarf Isa actor
  At place 
  Is 
    Not dead.
  Verb kill
    Does
      Make dwarf dead.
      "You killed him!"
  End Verb.
  
End The dwarf.


The stone Isa object
  At place 
End The stone.

The place Isa location
  
End The place.

Start At place.
  "Kill the dwarf!"
  
