########## hero_container ##########
Options
  debug.
  


Add To Every object
  Is
    open.
End Add To.

Syntax
  take = 'take' (obj).

Verb take
  Check obj Not In hero
    Else 
      "You already have the $1."
  Does
    Locate obj In hero.
    "Taken."
End Verb.

Syntax
  i = 'i' (a)
    Where a Isa **** container actor ****
      Else 
        "That can't carry anything."
  

Verb i
  Does
    List hero.
End Verb.

Syntax
  put_in = 'put' (o) 'in' (c)
    Where c Isa **** container object ****
      Else 
        "You can't put anything in that."
  

Verb put_in
  Check c Is open
    Else 
      "It isn't open."
  Does
    Locate o In c.
End Verb.

Syntax
  drop = 'drop' (obj).

Verb drop
  Check obj In hero
    Else 
      "You don't have the $1."
  Does
    "Dropped."
    Locate obj Here.
End Verb.


The cont Isa object
  At l 
  With Container
End The cont.

The thing Isa object
  At l 
End The thing.

The hero Isa actor
  
  With Container
    Header
      "You are carrying"
    Else
      "You are empty-handed."
End The hero.


The l Isa location
  
End The l.

Start At l.
  "$pTry 'i hero' and 'put thing in cont'."
  List hero.
  
