########## hunger ##########


The hero Isa actor
  
  Has 
    hunger  0.
End The hero.

Syntax
  'look' = 'l'.

Verb 'look'
  Does
    Look.
End Verb.

Event some_hunger
  Increase hunger Of hero.
  If hunger Of hero >5 Then
    Schedule more_hunger At hero After 1.
  Else 
    Schedule some_hunger At hero After 1.
  End If.
  "You are getting hungrier..."
End Event some_hunger.

Event more_hunger
  Increase hunger Of hero.
  If hunger Of hero >10 Then
    "You die of hunger."
    Quit.
  Else 
    Schedule more_hunger At hero After 1.
  End If.
  "You are close to dying of hunger..."
End Event more_hunger.


The macdonalds Isa location
  
End The macdonalds.

Start At macdonalds.
  Schedule some_hunger At hero After 1.
  
