########## locate_in ##########

Syntax
  put_in = 'put' (obj) 'in' (cont)
    Where cont Isa container
      Else 
        "You can't put anything in that."
  

Verb put_in
  Does
    Locate o In cont.
    Locate obj In cont.
    Locate obj In c.
End Verb.


The c Isa object
  At l 
  With Container
End The c.

The o Isa object
  At l 
End The o.

The l Isa location
  
End The l.

Start At l.
  
