########## marmalade2 ##########

Syntax
  give_to = give (obj) 'to' (recip).

Verb give_to
  Check recip
    Else 
      STRING
End Verb.

The $genid#1
  Container
    Else
      Locate obj At nowhere.
      "The $2 accepts your gift."
      "The $2 accepts your gift."
      Locate obj In recip.
End The $genid#1.


The l Isa location
  
End The l.

The a Isa actor
  At l 
End The a.


Start At l.
  
