########## oatrs ##########
Options
  debug.
  


Add To Every thing
  Is
    default_attr.
    second_default_attr.
End Add To.

Add To Every object
  Is
    object_attr_1.
    default_attr.
End Add To.


The o Isa object
  
  Has 
    Not object_attr.
End The o.

The l Isa location
  
End The l.

Start At l.
  If o Has object_attr Then
    "Has"
  Else 
    "Hasn't"
  End If.
  
