########## open ##########
Options
  debug.
  


Add To Every object
  Is
    open.
End Add To.

Syntax
  put_in = put (obj) 'in' (cont)
    Where cont Isa **** container object ****
      Else 
        "The"
        Say cont.
        "can't contain anything."
  

Verb put_in
  Check cont Is open
    Else 
      "You have to open it first."
  Does
    Locate obj In cont.
End Verb.


The l Isa location
  
End The l.

The trunk Isa object
  At l 
  With Container
  Is 
    Not open.
End The trunk.

The thing Isa object
  At l 
End The thing.

Start At l.
  
