########## parse ##########
Options
  debug.
  


Syntax
  v = 'v'.
  vo = 'v' (o)*.
  voo = 'v' (o1)* (o2).
  vowo = 'v' (o1)* 'with' (o2).

Verb v
  Does
    "Verb v."
End Verb.

Verb vo
  Does
    "Verb vo on $1."
End Verb.

Verb voo
  Does
    "Verb voo on $1 and $2."
End Verb.

Verb vowo
  Does
    "Verb vowo on $1 with $2."
End Verb.


The l Isa location
  
End The l.

The o1 Isa object
  At l 
End The o1.

The o2 Isa object
  At l 
End The o2.

The o3 Isa object
  At l 
End The o3.

The o4 Isa object
  At l 
End The o4.

Start At l.
  "Input parse test: $iv - single verb $ivo - verb & object $ivoo - verb &
   object $ivowo - verb & object 'with' object $pAlso try 'them', 'it',
   'all' etc."
  
