########## redefatr ##########

Add To Every thing
  Is
    attr  0.
    global  42.
End Add To.

Add To Every location
  Is
    attr  1.
End Add To.

Add To Every object
  Is
    attr  2.
End Add To.

Add To Every actor
  Is
    attr  3.
End Add To.


The o Isa object
  At l 
End The o.

The l Isa location
  
End The l.

Start At l.
  "The redefined attributes are as follows:$n"
  "$nattr of L ="
  Say attr Of l.
  "$nattr of o ="
  Say attr Of o.
  "$nattr of hero ="
  Say attr Of hero.
  "The global attributes are as follows:$n"
  "$nglobal of L ="
  Say global Of l.
  "$nglobal of o ="
  Say global Of o.
  "$nglobal of hero ="
  Say global Of hero.
  
