########## saycommand ##########
Options
  debug.
  


Syntax
  'say' = 'say' (s)
    Where s Isa string
      Else 
        "Did you say something?"
  

Verb 'say'
  Does
    Say s.
End Verb.


The l Isa location
  
End The l.

The o Isa object
  At l 
End The o.

Start At l.
  "Try to say things. For example objects and string. Try strings with
   multinational characters in them."
  
