########## schedule ##########

Add To Every object
  Is
    global_object_attribute.
End Add To.

Add To Every location
  Is
    global_location_attribute.
End Add To.

The container_id
  Container
End The container_id.


The object_id Isa object
  
  Is 
    local_object_attribute.
End The object_id.

The location_id Isa location
  
  Is 
    local_location_attribute.
End The location_id.
Event event_id
  "This is EVENT_ID happening."
End Event event_id.


Start At location_id.
  Cancel event_id.
  Cancel unknown_id.
  Schedule unknown_id After 7.
  Schedule event_id Here After 7.
  Schedule event_id At Current Location After 7.
  Schedule event_id At unknown_id After 7.
  Schedule event_id At location_id After 7.
  Schedule event_id At object_id After 7.
  Schedule event_id In unknown_id After 7.
  Schedule event_id In location_id After 7.
  Schedule event_id In object_id After 7.
  Schedule event_id In container_id After 7.
  
