########## visits ##########

        No warnings or errors detected.



Same
This is the same Location.

> w
Same
This is the same Location.

> w
Same (again)

> w
Same (again)

> w
Same
This is the same Location.

> w
Same (again)

> w
Same (again)

> w
Same (again)

> w
Same
This is the same Location.

> w
Same (again)

> w
Same (again)

> w
Same (again)

> 

Do you want to UNDO, RESTART, RESTORE or QUIT ? 
